// Jest Snapshot v1, https://goo.gl/fbAQLP

exports[`Toggle 1`] = `
<div
  class="undefined"
  data-testid="toggle-outer-container"
>
  <button
    class="hover:cursor-pointer"
    type="button"
  />
  <input
    data-testid="Hidden Checkbox"
    hidden=""
    type="checkbox"
  />
</div>
`;
