// Jest Snapshot v1, https://goo.gl/fbAQLP

exports[`Dropdown 1`] = `
<div
  class="flex w-fit hover:cursor-pointer undefined"
  role="dropdown"
>
  <label
    class="mr-2 text-sm font-bold text-indigoGray-90"
    for="Dropdown label"
  >
    Dropdown label
  </label>
  <span
    style="box-sizing: border-box; display: inline-block; overflow: hidden; background: none; opacity: 1; border: 0px; margin: 0px; padding: 0px; position: relative; max-width: 100%;"
  >
    <span
      style="box-sizing: border-box; display: block; background: none; opacity: 1; border: 0px; margin: 0px; padding: 0px; max-width: 100%;"
    >
      <img
        alt=""
        aria-hidden="true"
        src="data:image/svg+xml;base64,PHN2ZyB3aWR0aD0iMTYiIGhlaWdodD0iMTYiIHhtbG5zPSJodHRwOi8vd3d3LnczLm9yZy8yMDAwL3N2ZyIgdmVyc2lvbj0iMS4xIi8+"
        style="display: block; max-width: 100%; background: none; opacity: 1; border: 0px; margin: 0px; padding: 0px;"
      />
    </span>
    <img
      alt="Dropdown icon"
      data-nimg="intrinsic"
      decoding="async"
      src="data:image/gif;base64,R0lGODlhAQABAIAAAAAAAP///yH5BAEAAAAALAAAAAABAAEAAAIBRAA7"
      style="position: absolute; top: 0px; left: 0px; bottom: 0px; right: 0px; box-sizing: border-box; padding: 0px; margin: auto; display: block; width: 0px; height: 0px; min-width: 100%; max-width: 100%; min-height: 100%; max-height: 100%;"
    />
    <noscript />
  </span>
</div>
`;
