// Jest Snapshot v1, https://goo.gl/fbAQLP

exports[`Card 1`] = `
<div
  class="rounded-2xl border border-indigoGray-20 p-6 transition-all duration-100 undefined cursor-pointer bg-white shadow-base hover:shadow-lg active:bg-indigoGray-5 active:shadow-none"
>
  Card content
</div>
`;
