// Jest Snapshot v1, https://goo.gl/fbAQLP

exports[`MobileSidebar 1`] = `[Function]`;
