// Jest Snapshot v1, https://goo.gl/fbAQLP

exports[`Tags renders correctly, onRemove works correctly 1`] = `
<div
  class="flex flex-wrap items-center gap-1 undefined"
  role="tags"
>
  <div
    class="flex w-fit items-center gap-1 rounded px-2 py-1 text-xs font-bold undefined"
    role="tag"
    style="background-color: rgb(238, 242, 255); color: rgb(49, 46, 129);"
  >
    <span
      class="cursor-default"
    >
      Frontend development
    </span>
    <button
      class="flex items-center hover:cursor-pointer"
    >
      <svg
        aria-label="Remove Frontend development"
        fill="none"
        height="16px"
        role="img"
        viewBox="0 0 16 16"
        width="16px"
        xmlns="http://www.w3.org/2000/svg"
      >
        <path
          d="M12 4L4 12"
          stroke="#312e81"
          stroke-linecap="round"
          stroke-linejoin="round"
          stroke-width="1.33"
        />
        <path
          d="M4 4L12 12"
          stroke="#312e81"
          stroke-linecap="round"
          stroke-linejoin="round"
          stroke-width="1.33"
        />
      </svg>
    </button>
  </div>
  <div
    class="flex w-fit items-center gap-1 rounded px-2 py-1 text-xs font-bold undefined"
    role="tag"
    style="background-color: rgb(255, 251, 235); color: rgb(120, 53, 15);"
  >
    <span
      class="cursor-default"
    >
      Solidity
    </span>
    <button
      class="flex items-center hover:cursor-pointer"
    >
      <svg
        aria-label="Remove Solidity"
        fill="none"
        height="16px"
        role="img"
        viewBox="0 0 16 16"
        width="16px"
        xmlns="http://www.w3.org/2000/svg"
      >
        <path
          d="M12 4L4 12"
          stroke="#78350f"
          stroke-linecap="round"
          stroke-linejoin="round"
          stroke-width="1.33"
        />
        <path
          d="M4 4L12 12"
          stroke="#78350f"
          stroke-linecap="round"
          stroke-linejoin="round"
          stroke-width="1.33"
        />
      </svg>
    </button>
  </div>
  <div
    class="flex w-fit items-center gap-1 rounded px-2 py-1 text-xs font-bold undefined"
    role="tag"
    style="background-color: rgb(236, 253, 245); color: rgb(6, 78, 59);"
  >
    <span
      class="cursor-default"
    >
      Community
    </span>
    <button
      class="flex items-center hover:cursor-pointer"
    >
      <svg
        aria-label="Remove Community"
        fill="none"
        height="16px"
        role="img"
        viewBox="0 0 16 16"
        width="16px"
        xmlns="http://www.w3.org/2000/svg"
      >
        <path
          d="M12 4L4 12"
          stroke="#064e3b"
          stroke-linecap="round"
          stroke-linejoin="round"
          stroke-width="1.33"
        />
        <path
          d="M4 4L12 12"
          stroke="#064e3b"
          stroke-linecap="round"
          stroke-linejoin="round"
          stroke-width="1.33"
        />
      </svg>
    </button>
  </div>
</div>
`;
